------------------------------------------------------------
TimeQuest Timing Analyzer Summary
------------------------------------------------------------

Type  : Setup 'clk_1mhz'
Slack : -9.215
TNS   : -1725.653

Type  : Setup 'fpga_clk'
Slack : -7.406
TNS   : -151.958

Type  : Setup 'pwm_clk_div[2]'
Slack : -7.161
TNS   : -115.356

Type  : Setup 'key_matrix_4x4:KEY_MATRIX1|my_counter:C1|lpm_counter:LPM_COUNTER_component|cntr_3nh:auto_generated|safe_q[12]'
Slack : -6.700
TNS   : -64.020

Type  : Hold 'clk_1mhz'
Slack : -1.875
TNS   : -3.576

Type  : Hold 'pwm_clk_div[2]'
Slack : 1.297
TNS   : 0.000

Type  : Hold 'key_matrix_4x4:KEY_MATRIX1|my_counter:C1|lpm_counter:LPM_COUNTER_component|cntr_3nh:auto_generated|safe_q[12]'
Slack : 1.409
TNS   : 0.000

Type  : Hold 'fpga_clk'
Slack : 1.649
TNS   : 0.000

Type  : Minimum Pulse Width 'clk_1mhz'
Slack : -2.289
TNS   : -2.289

Type  : Minimum Pulse Width 'fpga_clk'
Slack : -2.289
TNS   : -2.289

Type  : Minimum Pulse Width 'key_matrix_4x4:KEY_MATRIX1|my_counter:C1|lpm_counter:LPM_COUNTER_component|cntr_3nh:auto_generated|safe_q[12]'
Slack : 0.234
TNS   : 0.000

Type  : Minimum Pulse Width 'pwm_clk_div[2]'
Slack : 0.234
TNS   : 0.000

------------------------------------------------------------
