------------------------------------------------------------
TimeQuest Timing Analyzer Summary
------------------------------------------------------------

Type  : Setup 'clk_1mhz'
Slack : -8.916
TNS   : -1606.530

Type  : Setup 'pwm_clk_div[2]'
Slack : -7.532
TNS   : -125.796

Type  : Setup 'fpga_clk'
Slack : -6.513
TNS   : -236.958

Type  : Setup 'my_counter:C1|lpm_counter:LPM_COUNTER_component|cntr_0nh:auto_generated|safe_q[9]'
Slack : -1.231
TNS   : -4.353

Type  : Hold 'clk_1mhz'
Slack : -2.264
TNS   : -3.956

Type  : Hold 'pwm_clk_div[2]'
Slack : 1.283
TNS   : 0.000

Type  : Hold 'my_counter:C1|lpm_counter:LPM_COUNTER_component|cntr_0nh:auto_generated|safe_q[9]'
Slack : 1.397
TNS   : 0.000

Type  : Hold 'fpga_clk'
Slack : 1.667
TNS   : 0.000

Type  : Minimum Pulse Width 'clk_1mhz'
Slack : -2.289
TNS   : -2.289

Type  : Minimum Pulse Width 'fpga_clk'
Slack : -2.289
TNS   : -2.289

Type  : Minimum Pulse Width 'my_counter:C1|lpm_counter:LPM_COUNTER_component|cntr_0nh:auto_generated|safe_q[9]'
Slack : 0.234
TNS   : 0.000

Type  : Minimum Pulse Width 'pwm_clk_div[2]'
Slack : 0.234
TNS   : 0.000

------------------------------------------------------------
